// Jest Snapshot v1, https://goo.gl/fbAQLP

exports[`RoutedAnchor renders 1`] = `
.c0 {
  font-size: 18px;
  line-height: 24px;
  box-sizing: border-box;
  -webkit-text-size-adjust: 100%;
  -ms-text-size-adjust: 100%;
  -moz-osx-font-smoothing: grayscale;
  -webkit-font-smoothing: antialiased;
}

.c1 {
  box-sizing: border-box;
  font-size: inherit;
  line-height: inherit;
  color: #1D67E3;
  font-weight: 600;
  -webkit-text-decoration: none;
  text-decoration: none;
  cursor: pointer;
  outline: none;
}

.c1:hover {
  -webkit-text-decoration: underline;
  text-decoration: underline;
}

<div
  className="c0"
>
  <div>
    <a
      className="c1"
      href="/"
      onBlur={[Function]}
      onClick={[Function]}
      onFocus={[Function]}
    >
      Test
    </a>
  </div>
</div>
`;
