// Jest Snapshot v1, https://goo.gl/fbAQLP

exports[`CheckBox checked renders 1`] = `
.c0 {
  font-size: 18px;
  line-height: 24px;
  box-sizing: border-box;
  -webkit-text-size-adjust: 100%;
  -ms-text-size-adjust: 100%;
  -moz-osx-font-smoothing: grayscale;
  -webkit-font-smoothing: antialiased;
}

.c4 {
  display: -webkit-box;
  display: -webkit-flex;
  display: -ms-flexbox;
  display: flex;
  box-sizing: border-box;
  outline: none;
  max-width: 100%;
  margin: 0px;
  -webkit-align-items: center;
  -webkit-box-align: center;
  -ms-flex-align: center;
  align-items: center;
  min-width: 0;
  min-height: 0;
  -webkit-flex-direction: column;
  -ms-flex-direction: column;
  flex-direction: column;
  -webkit-box-pack: center;
  -webkit-justify-content: center;
  -ms-flex-pack: center;
  justify-content: center;
  padding: 0px;
}

.c6 {
  display: -webkit-box;
  display: -webkit-flex;
  display: -ms-flexbox;
  display: flex;
  box-sizing: border-box;
  outline: none;
  max-width: 100%;
  margin: 0px;
  height: 24px;
  width: 24px;
  -webkit-align-items: center;
  -webkit-box-align: center;
  -ms-flex-align: center;
  align-items: center;
  border: solid 2px #7D4CDB;
  min-width: 0;
  min-height: 0;
  -webkit-flex-direction: column;
  -ms-flex-direction: column;
  flex-direction: column;
  -webkit-box-pack: center;
  -webkit-justify-content: center;
  -ms-flex-pack: center;
  justify-content: center;
  padding: 0px;
  border-radius: 4px;
}

.c7 {
  box-sizing: border-box;
  position: absolute;
  stroke-width: 4px;
  stroke: #7D4CDB;
  width: 24px;
  height: 24px;
}

.c1 {
  -webkit-user-select: none;
  -moz-user-select: none;
  -ms-user-select: none;
  user-select: none;
  cursor: pointer;
}

.c1:hover input:not([disabled]) + div,
.c1:hover input:not([disabled]) + span {
  border-color: #000000;
}

.c5 {
  position: absolute;
  opacity: 0;
  top: 0;
  left: 0;
  width: 100%;
  height: 100%;
  margin: 0;
  z-index: 1;
  cursor: pointer;
}

.c5:checked + span > span {
  left: calc( 48px - 24px );
  background: #7D4CDB;
}

.c3 {
  position: relative;
}

.c2 {
  display: -webkit-box;
  display: -webkit-flex;
  display: -ms-flexbox;
  display: flex;
  box-sizing: border-box;
  outline: none;
  max-width: 100%;
  margin: 0px;
  -webkit-align-items: center;
  -webkit-box-align: center;
  -ms-flex-align: center;
  align-items: center;
  min-width: 0;
  min-height: 0;
  -webkit-flex-direction: row;
  -ms-flex-direction: row;
  flex-direction: row;
  padding: 0px;
}

@media only screen and (max-width:768px) {
  .c4 {
    margin: 0px;
  }
}

@media only screen and (max-width:768px) {
  .c4 {
    padding: 0px;
  }
}

@media only screen and (max-width:768px) {
  .c6 {
    margin: 0px;
  }
}

@media only screen and (max-width:768px) {
  .c6 {
    border: solid 2px #7D4CDB;
  }
}

@media only screen and (max-width:768px) {
  .c6 {
    padding: 0px;
  }
}

@media only screen and (max-width:768px) {
  .c2 {
    margin: 0px;
  }
}

@media only screen and (max-width:768px) {
  .c2 {
    padding: 0px;
  }
}

<div
  className="c0"
>
  <label
    checked={true}
    className="c1 -label c2"
    onClick={[Function]}
  >
    <div
      className="c3 c4"
    >
      <input
        checked={true}
        className="c5"
        onBlur={[Function]}
        onFocus={[Function]}
        type="checkbox"
      />
      <div
        checked={true}
        className="c6"
      >
        <svg
          className="c7"
          preserveAspectRatio="xMidYMid meet"
          viewBox="0 0 24 24"
        >
          <path
            d="M6,11.3 L10.3,16 L18,6.2"
            fill="none"
          />
        </svg>
      </div>
    </div>
  </label>
</div>
`;

exports[`CheckBox disabled renders 1`] = `
.c0 {
  font-size: 18px;
  line-height: 24px;
  box-sizing: border-box;
  -webkit-text-size-adjust: 100%;
  -ms-text-size-adjust: 100%;
  -moz-osx-font-smoothing: grayscale;
  -webkit-font-smoothing: antialiased;
}

.c4 {
  display: -webkit-box;
  display: -webkit-flex;
  display: -ms-flexbox;
  display: flex;
  box-sizing: border-box;
  outline: none;
  max-width: 100%;
  margin: 0px;
  -webkit-align-items: center;
  -webkit-box-align: center;
  -ms-flex-align: center;
  align-items: center;
  min-width: 0;
  min-height: 0;
  -webkit-flex-direction: column;
  -ms-flex-direction: column;
  flex-direction: column;
  -webkit-box-pack: center;
  -webkit-justify-content: center;
  -ms-flex-pack: center;
  justify-content: center;
  padding: 0px;
}

.c6 {
  display: -webkit-box;
  display: -webkit-flex;
  display: -ms-flexbox;
  display: flex;
  box-sizing: border-box;
  outline: none;
  max-width: 100%;
  margin: 0px;
  height: 24px;
  width: 24px;
  -webkit-align-items: center;
  -webkit-box-align: center;
  -ms-flex-align: center;
  align-items: center;
  border: solid 2px rgba(0,0,0,0.15);
  min-width: 0;
  min-height: 0;
  -webkit-flex-direction: column;
  -ms-flex-direction: column;
  flex-direction: column;
  -webkit-box-pack: center;
  -webkit-justify-content: center;
  -ms-flex-pack: center;
  justify-content: center;
  padding: 0px;
  border-radius: 4px;
}

.c7 {
  display: -webkit-box;
  display: -webkit-flex;
  display: -ms-flexbox;
  display: flex;
  box-sizing: border-box;
  outline: none;
  max-width: 100%;
  margin: 0px;
  height: 24px;
  width: 24px;
  -webkit-align-items: center;
  -webkit-box-align: center;
  -ms-flex-align: center;
  align-items: center;
  border: solid 2px #7D4CDB;
  min-width: 0;
  min-height: 0;
  -webkit-flex-direction: column;
  -ms-flex-direction: column;
  flex-direction: column;
  -webkit-box-pack: center;
  -webkit-justify-content: center;
  -ms-flex-pack: center;
  justify-content: center;
  padding: 0px;
  border-radius: 4px;
}

.c8 {
  box-sizing: border-box;
  position: absolute;
  stroke-width: 4px;
  stroke: #7D4CDB;
  width: 24px;
  height: 24px;
}

.c1 {
  -webkit-user-select: none;
  -moz-user-select: none;
  -ms-user-select: none;
  user-select: none;
  opacity: 0.5;
  cursor: default;
}

.c1:hover input:not([disabled]) + div,
.c1:hover input:not([disabled]) + span {
  border-color: #000000;
}

.c5 {
  position: absolute;
  opacity: 0;
  top: 0;
  left: 0;
  width: 100%;
  height: 100%;
  margin: 0;
  z-index: 1;
}

.c5:checked + span > span {
  left: calc( 48px - 24px );
  background: #7D4CDB;
}

.c3 {
  position: relative;
}

.c2 {
  display: -webkit-box;
  display: -webkit-flex;
  display: -ms-flexbox;
  display: flex;
  box-sizing: border-box;
  outline: none;
  max-width: 100%;
  margin: 0px;
  -webkit-align-items: center;
  -webkit-box-align: center;
  -ms-flex-align: center;
  align-items: center;
  min-width: 0;
  min-height: 0;
  -webkit-flex-direction: row;
  -ms-flex-direction: row;
  flex-direction: row;
  padding: 0px;
}

@media only screen and (max-width:768px) {
  .c4 {
    margin: 0px;
  }
}

@media only screen and (max-width:768px) {
  .c4 {
    padding: 0px;
  }
}

@media only screen and (max-width:768px) {
  .c6 {
    margin: 0px;
  }
}

@media only screen and (max-width:768px) {
  .c6 {
    border: solid 2px rgba(0,0,0,0.15);
  }
}

@media only screen and (max-width:768px) {
  .c6 {
    padding: 0px;
  }
}

@media only screen and (max-width:768px) {
  .c7 {
    margin: 0px;
  }
}

@media only screen and (max-width:768px) {
  .c7 {
    border: solid 2px #7D4CDB;
  }
}

@media only screen and (max-width:768px) {
  .c7 {
    padding: 0px;
  }
}

@media only screen and (max-width:768px) {
  .c2 {
    margin: 0px;
  }
}

@media only screen and (max-width:768px) {
  .c2 {
    padding: 0px;
  }
}

<div
  className="c0"
>
  <label
    className="c1 -label c2"
    disabled={true}
    onClick={[Function]}
  >
    <div
      className="c3 c4"
    >
      <input
        className="c5"
        disabled={true}
        onBlur={[Function]}
        onFocus={[Function]}
        type="checkbox"
      />
      <div
        className="c6"
      />
    </div>
  </label>
  <label
    checked={true}
    className="c1 -label c2"
    disabled={true}
    onClick={[Function]}
  >
    <div
      className="c3 c4"
    >
      <input
        checked={true}
        className="c5"
        disabled={true}
        onBlur={[Function]}
        onFocus={[Function]}
        type="checkbox"
      />
      <div
        checked={true}
        className="c7"
      >
        <svg
          className="c8"
          preserveAspectRatio="xMidYMid meet"
          viewBox="0 0 24 24"
        >
          <path
            d="M6,11.3 L10.3,16 L18,6.2"
            fill="none"
          />
        </svg>
      </div>
      <input
        type="hidden"
        value="true"
      />
    </div>
  </label>
</div>
`;

exports[`CheckBox label renders 1`] = `
.c0 {
  font-size: 18px;
  line-height: 24px;
  box-sizing: border-box;
  -webkit-text-size-adjust: 100%;
  -ms-text-size-adjust: 100%;
  -moz-osx-font-smoothing: grayscale;
  -webkit-font-smoothing: antialiased;
}

.c4 {
  display: -webkit-box;
  display: -webkit-flex;
  display: -ms-flexbox;
  display: flex;
  box-sizing: border-box;
  outline: none;
  max-width: 100%;
  margin: 0px;
  -webkit-align-items: center;
  -webkit-box-align: center;
  -ms-flex-align: center;
  align-items: center;
  min-width: 0;
  min-height: 0;
  -webkit-flex-direction: column;
  -ms-flex-direction: column;
  flex-direction: column;
  -webkit-box-pack: center;
  -webkit-justify-content: center;
  -ms-flex-pack: center;
  justify-content: center;
  padding: 0px;
}

.c6 {
  display: -webkit-box;
  display: -webkit-flex;
  display: -ms-flexbox;
  display: flex;
  box-sizing: border-box;
  outline: none;
  max-width: 100%;
  margin: 0px;
  height: 24px;
  width: 24px;
  -webkit-align-items: center;
  -webkit-box-align: center;
  -ms-flex-align: center;
  align-items: center;
  border: solid 2px rgba(0,0,0,0.15);
  min-width: 0;
  min-height: 0;
  -webkit-flex-direction: column;
  -ms-flex-direction: column;
  flex-direction: column;
  -webkit-box-pack: center;
  -webkit-justify-content: center;
  -ms-flex-pack: center;
  justify-content: center;
  padding: 0px;
  border-radius: 4px;
}

.c7 {
  -webkit-flex: 0 0 auto;
  -ms-flex: 0 0 auto;
  flex: 0 0 auto;
  width: 12px;
}

.c1 {
  -webkit-user-select: none;
  -moz-user-select: none;
  -ms-user-select: none;
  user-select: none;
  cursor: pointer;
}

.c1:hover input:not([disabled]) + div,
.c1:hover input:not([disabled]) + span {
  border-color: #000000;
}

.c5 {
  position: absolute;
  opacity: 0;
  top: 0;
  left: 0;
  width: 100%;
  height: 100%;
  margin: 0;
  z-index: 1;
  cursor: pointer;
}

.c5:checked + span > span {
  left: calc( 48px - 24px );
  background: #7D4CDB;
}

.c3 {
  position: relative;
}

.c2 {
  display: -webkit-box;
  display: -webkit-flex;
  display: -ms-flexbox;
  display: flex;
  box-sizing: border-box;
  outline: none;
  max-width: 100%;
  margin: 0px;
  -webkit-align-items: center;
  -webkit-box-align: center;
  -ms-flex-align: center;
  align-items: center;
  min-width: 0;
  min-height: 0;
  -webkit-flex-direction: row;
  -ms-flex-direction: row;
  flex-direction: row;
  padding: 0px;
}

@media only screen and (max-width:768px) {
  .c4 {
    margin: 0px;
  }
}

@media only screen and (max-width:768px) {
  .c4 {
    padding: 0px;
  }
}

@media only screen and (max-width:768px) {
  .c6 {
    margin: 0px;
  }
}

@media only screen and (max-width:768px) {
  .c6 {
    border: solid 2px rgba(0,0,0,0.15);
  }
}

@media only screen and (max-width:768px) {
  .c6 {
    padding: 0px;
  }
}

@media only screen and (max-width:768px) {
  .c2 {
    margin: 0px;
  }
}

@media only screen and (max-width:768px) {
  .c2 {
    padding: 0px;
  }
}

<div
  className="c0"
>
  <label
    className="c1 -label c2"
    onClick={[Function]}
  >
    <div
      className="c3 c4"
    >
      <input
        className="c5"
        onBlur={[Function]}
        onFocus={[Function]}
        type="checkbox"
      />
      <div
        className="c6"
      />
    </div>
    <div
      className="c7"
    />
    <span>
      test label
    </span>
  </label>
  <label
    className="c1 -label c2"
    onClick={[Function]}
  >
    <div
      className="c3 c4"
    >
      <input
        className="c5"
        onBlur={[Function]}
        onFocus={[Function]}
        type="checkbox"
      />
      <div
        className="c6"
      />
    </div>
    <div
      className="c7"
    />
    <div>
      test label
    </div>
  </label>
</div>
`;

exports[`CheckBox renders 1`] = `
.c0 {
  font-size: 18px;
  line-height: 24px;
  box-sizing: border-box;
  -webkit-text-size-adjust: 100%;
  -ms-text-size-adjust: 100%;
  -moz-osx-font-smoothing: grayscale;
  -webkit-font-smoothing: antialiased;
}

.c4 {
  display: -webkit-box;
  display: -webkit-flex;
  display: -ms-flexbox;
  display: flex;
  box-sizing: border-box;
  outline: none;
  max-width: 100%;
  margin: 0px;
  -webkit-align-items: center;
  -webkit-box-align: center;
  -ms-flex-align: center;
  align-items: center;
  min-width: 0;
  min-height: 0;
  -webkit-flex-direction: column;
  -ms-flex-direction: column;
  flex-direction: column;
  -webkit-box-pack: center;
  -webkit-justify-content: center;
  -ms-flex-pack: center;
  justify-content: center;
  padding: 0px;
}

.c6 {
  display: -webkit-box;
  display: -webkit-flex;
  display: -ms-flexbox;
  display: flex;
  box-sizing: border-box;
  outline: none;
  max-width: 100%;
  margin: 0px;
  height: 24px;
  width: 24px;
  -webkit-align-items: center;
  -webkit-box-align: center;
  -ms-flex-align: center;
  align-items: center;
  border: solid 2px rgba(0,0,0,0.15);
  min-width: 0;
  min-height: 0;
  -webkit-flex-direction: column;
  -ms-flex-direction: column;
  flex-direction: column;
  -webkit-box-pack: center;
  -webkit-justify-content: center;
  -ms-flex-pack: center;
  justify-content: center;
  padding: 0px;
  border-radius: 4px;
}

.c1 {
  -webkit-user-select: none;
  -moz-user-select: none;
  -ms-user-select: none;
  user-select: none;
  cursor: pointer;
}

.c1:hover input:not([disabled]) + div,
.c1:hover input:not([disabled]) + span {
  border-color: #000000;
}

.c5 {
  position: absolute;
  opacity: 0;
  top: 0;
  left: 0;
  width: 100%;
  height: 100%;
  margin: 0;
  z-index: 1;
  cursor: pointer;
}

.c5:checked + span > span {
  left: calc( 48px - 24px );
  background: #7D4CDB;
}

.c3 {
  position: relative;
}

.c2 {
  display: -webkit-box;
  display: -webkit-flex;
  display: -ms-flexbox;
  display: flex;
  box-sizing: border-box;
  outline: none;
  max-width: 100%;
  margin: 0px;
  -webkit-align-items: center;
  -webkit-box-align: center;
  -ms-flex-align: center;
  align-items: center;
  min-width: 0;
  min-height: 0;
  -webkit-flex-direction: row;
  -ms-flex-direction: row;
  flex-direction: row;
  padding: 0px;
}

@media only screen and (max-width:768px) {
  .c4 {
    margin: 0px;
  }
}

@media only screen and (max-width:768px) {
  .c4 {
    padding: 0px;
  }
}

@media only screen and (max-width:768px) {
  .c6 {
    margin: 0px;
  }
}

@media only screen and (max-width:768px) {
  .c6 {
    border: solid 2px rgba(0,0,0,0.15);
  }
}

@media only screen and (max-width:768px) {
  .c6 {
    padding: 0px;
  }
}

@media only screen and (max-width:768px) {
  .c2 {
    margin: 0px;
  }
}

@media only screen and (max-width:768px) {
  .c2 {
    padding: 0px;
  }
}

<div
  className="c0"
>
  <label
    className="c1 -label c2"
    onClick={[Function]}
  >
    <div
      className="c3 c4"
    >
      <input
        className="c5"
        onBlur={[Function]}
        onFocus={[Function]}
        type="checkbox"
      />
      <div
        className="c6"
      />
    </div>
  </label>
  <label
    className="c1 -label c2"
    htmlFor="test id"
    onClick={[Function]}
  >
    <div
      className="c3 c4"
    >
      <input
        className="c5"
        id="test id"
        name="test name"
        onBlur={[Function]}
        onFocus={[Function]}
        type="checkbox"
      />
      <div
        className="c6"
      />
    </div>
  </label>
</div>
`;

exports[`CheckBox reverse renders 1`] = `
.c0 {
  font-size: 18px;
  line-height: 24px;
  box-sizing: border-box;
  -webkit-text-size-adjust: 100%;
  -ms-text-size-adjust: 100%;
  -moz-osx-font-smoothing: grayscale;
  -webkit-font-smoothing: antialiased;
}

.c5 {
  display: -webkit-box;
  display: -webkit-flex;
  display: -ms-flexbox;
  display: flex;
  box-sizing: border-box;
  outline: none;
  max-width: 100%;
  margin: 0px;
  -webkit-align-items: center;
  -webkit-box-align: center;
  -ms-flex-align: center;
  align-items: center;
  min-width: 0;
  min-height: 0;
  -webkit-flex-direction: column;
  -ms-flex-direction: column;
  flex-direction: column;
  -webkit-box-pack: center;
  -webkit-justify-content: center;
  -ms-flex-pack: center;
  justify-content: center;
  padding: 0px;
}

.c7 {
  display: -webkit-box;
  display: -webkit-flex;
  display: -ms-flexbox;
  display: flex;
  box-sizing: border-box;
  outline: none;
  max-width: 100%;
  margin: 0px;
  height: 24px;
  width: 24px;
  -webkit-align-items: center;
  -webkit-box-align: center;
  -ms-flex-align: center;
  align-items: center;
  border: solid 2px rgba(0,0,0,0.15);
  min-width: 0;
  min-height: 0;
  -webkit-flex-direction: column;
  -ms-flex-direction: column;
  flex-direction: column;
  -webkit-box-pack: center;
  -webkit-justify-content: center;
  -ms-flex-pack: center;
  justify-content: center;
  padding: 0px;
  border-radius: 4px;
}

.c3 {
  -webkit-flex: 0 0 auto;
  -ms-flex: 0 0 auto;
  flex: 0 0 auto;
  width: 12px;
}

.c1 {
  -webkit-user-select: none;
  -moz-user-select: none;
  -ms-user-select: none;
  user-select: none;
  cursor: pointer;
}

.c1:hover input:not([disabled]) + div,
.c1:hover input:not([disabled]) + span {
  border-color: #000000;
}

.c6 {
  position: absolute;
  opacity: 0;
  top: 0;
  left: 0;
  width: 100%;
  height: 100%;
  margin: 0;
  z-index: 1;
  cursor: pointer;
}

.c6:checked + span > span {
  left: calc( 48px - 24px );
  background: #7D4CDB;
}

.c4 {
  position: relative;
}

.c2 {
  display: -webkit-box;
  display: -webkit-flex;
  display: -ms-flexbox;
  display: flex;
  box-sizing: border-box;
  outline: none;
  max-width: 100%;
  margin: 0px;
  -webkit-align-items: center;
  -webkit-box-align: center;
  -ms-flex-align: center;
  align-items: center;
  min-width: 0;
  min-height: 0;
  -webkit-flex-direction: row;
  -ms-flex-direction: row;
  flex-direction: row;
  padding: 0px;
}

@media only screen and (max-width:768px) {
  .c5 {
    margin: 0px;
  }
}

@media only screen and (max-width:768px) {
  .c5 {
    padding: 0px;
  }
}

@media only screen and (max-width:768px) {
  .c7 {
    margin: 0px;
  }
}

@media only screen and (max-width:768px) {
  .c7 {
    border: solid 2px rgba(0,0,0,0.15);
  }
}

@media only screen and (max-width:768px) {
  .c7 {
    padding: 0px;
  }
}

@media only screen and (max-width:768px) {
  .c2 {
    margin: 0px;
  }
}

@media only screen and (max-width:768px) {
  .c2 {
    padding: 0px;
  }
}

<div
  className="c0"
>
  <label
    className="c1 -label c2"
    onClick={[Function]}
  >
    <span>
      test label
    </span>
    <div
      className="c3"
    />
    <div
      className="c4 c5"
    >
      <input
        className="c6"
        onBlur={[Function]}
        onFocus={[Function]}
        type="checkbox"
      />
      <div
        className="c7"
      />
    </div>
  </label>
</div>
`;

exports[`CheckBox toggle renders 1`] = `
.c0 {
  font-size: 18px;
  line-height: 24px;
  box-sizing: border-box;
  -webkit-text-size-adjust: 100%;
  -ms-text-size-adjust: 100%;
  -moz-osx-font-smoothing: grayscale;
  -webkit-font-smoothing: antialiased;
}

.c4 {
  display: -webkit-box;
  display: -webkit-flex;
  display: -ms-flexbox;
  display: flex;
  box-sizing: border-box;
  outline: none;
  max-width: 100%;
  margin: 0px;
  -webkit-align-items: center;
  -webkit-box-align: center;
  -ms-flex-align: center;
  align-items: center;
  min-width: 0;
  min-height: 0;
  -webkit-flex-direction: column;
  -ms-flex-direction: column;
  flex-direction: column;
  -webkit-box-pack: center;
  -webkit-justify-content: center;
  -ms-flex-pack: center;
  justify-content: center;
  padding: 0px;
}

.c8 {
  -webkit-flex: 0 0 auto;
  -ms-flex: 0 0 auto;
  flex: 0 0 auto;
  width: 12px;
}

.c1 {
  -webkit-user-select: none;
  -moz-user-select: none;
  -ms-user-select: none;
  user-select: none;
  cursor: pointer;
}

.c1:hover input:not([disabled]) + div,
.c1:hover input:not([disabled]) + span {
  border-color: #000000;
}

.c5 {
  position: absolute;
  opacity: 0;
  top: 0;
  left: 0;
  width: 100%;
  height: 100%;
  margin: 0;
  z-index: 1;
  cursor: pointer;
}

.c5:checked + span > span {
  left: calc( 48px - 24px );
  background: #7D4CDB;
}

.c6 {
  box-sizing: border-box;
  position: relative;
  vertical-align: middle;
  display: inline-block;
  width: 48px;
  height: 24px;
  border: 2px solid;
  border-color: rgba(0,0,0,0.15);
  border-radius: 24px;
  background-color: transparent;
}

.c7 {
  box-sizing: border-box;
  position: absolute;
  top: -2px;
  left: -2px;
  -webkit-transition: all 0.3s;
  transition: all 0.3s;
  width: 24px;
  height: 24px;
  background: #d9d9d9;
  border-radius: 24px;
}

.c3 {
  position: relative;
}

.c2 {
  display: -webkit-box;
  display: -webkit-flex;
  display: -ms-flexbox;
  display: flex;
  box-sizing: border-box;
  outline: none;
  max-width: 100%;
  margin: 0px;
  -webkit-align-items: center;
  -webkit-box-align: center;
  -ms-flex-align: center;
  align-items: center;
  min-width: 0;
  min-height: 0;
  -webkit-flex-direction: row;
  -ms-flex-direction: row;
  flex-direction: row;
  padding: 0px;
}

@media only screen and (max-width:768px) {
  .c4 {
    margin: 0px;
  }
}

@media only screen and (max-width:768px) {
  .c4 {
    padding: 0px;
  }
}

@media only screen and (max-width:768px) {
  .c2 {
    margin: 0px;
  }
}

@media only screen and (max-width:768px) {
  .c2 {
    padding: 0px;
  }
}

<div
  className="c0"
>
  <label
    className="c1 -label c2"
    onClick={[Function]}
  >
    <div
      className="c3 c4"
    >
      <input
        className="c5"
        onBlur={[Function]}
        onFocus={[Function]}
        type="checkbox"
      />
      <span
        className="c6"
      >
        <span
          className="c7"
        />
      </span>
    </div>
  </label>
  <label
    checked={true}
    className="c1 -label c2"
    onClick={[Function]}
  >
    <div
      className="c3 c4"
    >
      <input
        checked={true}
        className="c5"
        onBlur={[Function]}
        onFocus={[Function]}
        type="checkbox"
      />
      <span
        checked={true}
        className="c6"
      >
        <span
          className="c7"
        />
      </span>
    </div>
  </label>
  <label
    className="c1 -label c2"
    onClick={[Function]}
  >
    <div
      className="c3 c4"
    >
      <input
        className="c5"
        onBlur={[Function]}
        onFocus={[Function]}
        type="checkbox"
      />
      <span
        className="c6"
      >
        <span
          className="c7"
        />
      </span>
    </div>
    <div
      className="c8"
    />
    <span>
      test label
    </span>
  </label>
</div>
`;
